// Jest Snapshot v1, https://goo.gl/fbAQLP

exports[`FilterRow component render Snapshot test 1`] = `
<View
  style={
    Object {
      "backgroundColor": "black",
    }
  }
>
  <View
    style={
      Object {
        "alignContent": "center",
        "flexDirection": "row",
        "justifyContent": "flex-start",
      }
    }
  >
    <Text
      allowFontScaling={false}
      onPress={[Function]}
      selectable={false}
      style={
        Array [
          Object {
            "color": "white",
            "fontSize": 40,
          },
          Object {
            "alignSelf": "center",
            "flexDirection": "row",
            "justifyContent": "flex-start",
          },
          Object {
            "fontFamily": "Ionicons",
            "fontStyle": "normal",
            "fontWeight": "normal",
          },
          Object {},
        ]
      }
    >
      
    </Text>
    <Text
      style={
        Object {
          "color": "white",
          "fontSize": 30,
          "fontWeight": "bold",
          "margin": 20,
        }
      }
    >
      Good Evening !!
    </Text>
  </View>
  <View
    style={
      Object {
        "flexDirection": "row",
        "marginBottom": 20,
      }
    }
  >
    <View
      style={
        Object {
          "alignItems": "center",
          "flexDirection": "row",
          "justifyContent": "flex-start",
          "margin": 10,
          "width": "80%",
        }
      }
    >
      <View
        style={
          Object {
            "alignItems": "center",
            "backgroundColor": "#d9dbda",
            "borderRadius": 15,
            "flexDirection": "row",
            "padding": 10,
            "width": "95%",
          }
        }
      >
        <Text
          allowFontScaling={false}
          selectable={false}
          style={
            Array [
              Object {
                "color": "black",
                "fontSize": 20,
              },
              Object {
                "marginLeft": 1,
              },
              Object {
                "fontFamily": "Ionicons",
                "fontStyle": "normal",
                "fontWeight": "normal",
              },
              Object {},
            ]
          }
        >
          
        </Text>
        <TextInput
          clearButtonMode="while-editing"
          onChangeText={[Function]}
          placeholder="Artist, music ..."
          style={
            Object {
              "fontSize": 20,
              "marginLeft": 10,
              "width": "90%",
            }
          }
        />
      </View>
    </View>
    <Text
      allowFontScaling={false}
      onPress={[Function]}
      selectable={false}
      style={
        Array [
          Object {
            "color": "white",
            "fontSize": 40,
          },
          Object {
            "flex": 1,
            "flexDirection": "row",
            "justifyContent": "space-around",
            "margin": 10,
          },
          Object {
            "fontFamily": "Ionicons",
            "fontStyle": "normal",
            "fontWeight": "normal",
          },
          Object {},
        ]
      }
    >
      
    </Text>
  </View>
  <Modal
    animationType="slide"
    hardwareAccelerated={false}
    onRequestClose={[Function]}
    transparent={true}
    visible={false}
  />
  <RCTScrollView
    ListEmptyComponent={[Function]}
    data={Array []}
    extraData={Array []}
    getItem={[Function]}
    getItemCount={[Function]}
    keyExtractor={[Function]}
    onContentSizeChange={[Function]}
    onLayout={[Function]}
    onMomentumScrollBegin={[Function]}
    onMomentumScrollEnd={[Function]}
    onScroll={[Function]}
    onScrollBeginDrag={[Function]}
    onScrollEndDrag={[Function]}
    removeClippedSubviews={false}
    renderItem={[Function]}
    scrollEventThrottle={50}
    stickyHeaderIndices={Array []}
    viewabilityConfigCallbackPairs={Array []}
  >
    <View>
      <View
        style={
          Object {
            "alignItems": "center",
            "justifyContent": "center",
            "marginTop": 100,
          }
        }
      >
        <Text
          allowFontScaling={false}
          selectable={false}
          style={
            Array [
              Object {
                "color": "white",
                "fontSize": 180,
              },
              Object {
                "alignSelf": "center",
              },
              Object {
                "fontFamily": "Ionicons",
                "fontStyle": "normal",
                "fontWeight": "normal",
              },
              Object {},
            ]
          }
        >
          
        </Text>
        <Text
          style={
            Object {
              "color": "white",
              "fontSize": 16,
              "margin": 20,
              "textAlign": "center",
            }
          }
        >
          We could'nt get the videos for you this time, but we are working on it!!
        </Text>
      </View>
    </View>
  </RCTScrollView>
</View>
`;
